// Vitest Snapshot v1

exports[`<Posts /> > should match to snapshot 1`] = `
.c0 {
  width: 100%;
  height: 100%;
  background: rgb(43,38,178);
  overflow: hidden;
}

.c1 {
  max-width: 100%;
  cursor: pointer;
  -webkit-transition: all 300ms ease-in-out;
  transition: all 300ms ease-in-out;
}

.c1:hover {
  -webkit-transform: translateY(0.5rem);
  -ms-transform: translateY(0.5rem);
  transform: translateY(0.5rem);
}

<div>
  <div
    class="c0"
  >
    <img
      class="c1"
    />
  </div>
</div>
`;
