// Vitest Snapshot v1

exports[`<NavLinks /> > should match snapshot 1`] = `
.c0 {
  display: -webkit-box;
  display: -webkit-flex;
  display: -ms-flexbox;
  display: flex;
  -webkit-flex-flow: row wrap;
  -ms-flex-flow: row wrap;
  flex-flow: row wrap;
}

.c1 >a {
  display: block;
  -webkit-text-decoration: none;
  text-decoration: none;
  text-align: center;
  font-size: 1.6rem;
  padding: 1.6rem;
  color: #FFFFFF;
  position: relative;
}

.c1 >a::after {
  content: '';
  position: absolute;
  left: 50%;
  bottom: 0.75rem;
  width: 0;
  height: 0.2rem;
  background: #FFFFFF;
  -webkit-transition: all 300ms ease-in-out;
  transition: all 300ms ease-in-out;
}

.c1 >a:hover::after {
  left: 25%;
  width: 50%;
}

@media (max-width:768px) {
  .c0 {
    -webkit-flex-flow: column wrap;
    -ms-flex-flow: column wrap;
    flex-flow: column wrap;
    -webkit-align-content: center;
    -ms-flex-line-pack: center;
    align-content: center;
  }
}

<nav
  aria-label="Main menu"
  class="c0"
>
  <div
    class="c1"
  >
    <a
      href="/"
    >
      Entrar
    </a>
  </div>
  <div
    class="c1"
  >
    <a
      href="/cadastro"
    >
      Criar Conta
    </a>
  </div>
</nav>
`;
