// Vitest Snapshot v1

exports[`<SectionBackgroundSvg /> > should render SectionBackgroundSvg with background false 1`] = `
.c0 {
  padding: 0;
  background-image: url('/assets/uploads/details.svg');
  background-size: cover;
  background-position: center center;
  color: #07090D;
  min-height: 100vh;
  display: -webkit-box;
  display: -webkit-flex;
  display: -ms-flexbox;
  display: flex;
  -webkit-align-items: center;
  -webkit-box-align: center;
  -ms-flex-align: center;
  align-items: center;
}

.c1 {
  max-width: 120rem;
  margin: 0 auto;
  padding: 0 auto;
}

<div>
  <div
    class="c0"
  >
    <div
      class="c1"
    >
      Texto
    </div>
  </div>
</div>
`;

exports[`<SectionBackgroundSvg /> > should render SectionBackgroundSvg with background true 1`] = `
.c0 {
  padding: 0;
  background-image: url('/assets/uploads/details.svg');
  background-size: cover;
  background-position: center center;
  color: #07090D;
  min-height: 100vh;
  display: -webkit-box;
  display: -webkit-flex;
  display: -ms-flexbox;
  display: flex;
  -webkit-align-items: center;
  -webkit-box-align: center;
  -ms-flex-align: center;
  align-items: center;
}

.c1 {
  max-width: 120rem;
  margin: 0 auto;
  padding: 0 auto;
}

<div>
  <div
    class="c0"
  >
    <div
      class="c1"
    >
      Texto
    </div>
  </div>
</div>
`;
