// Vitest Snapshot v1

exports[`<TwoColumn /> > should match to snapshot 1`] = `
.c3 {
  color: #FFFFFF;
  font-size: 3.2rem;
  text-transform: uppercase;
}

.c0 {
  display: grid;
  min-width: 90vw;
  padding: 1.6rem;
  border: 0.1rem solid white;
  grid-template-columns: 1fr 2fr;
  -webkit-align-items: center;
  -webkit-box-align: center;
  -ms-flex-align: center;
  align-items: center;
  gap: 3.2rem;
}

.c0 .c2 {
  margin-bottom: 4.0rem;
}

.c4 {
  width: 100%;
}

@media (max-width:768px) {
  .c3 {
    font-size: 2.4rem;
  }
}

@media (max-width:414px) {
  .c3 {
    font-size: 1.6rem;
  }
}

@media (max-width:362px) {
  .c3 {
    font-size: 1.2rem;
  }
}

@media (max-width:768px) {
  .c0 {
    grid-template-columns: 1fr;
    text-align: center;
  }
}

@media (max-width:768px) {
  .c1 {
    margin-bottom: 3.2rem;
  }
}

<div>
  <div
    class="c0"
  >
    <div
      class="c1"
    >
      <h2
        class="c2 c3"
      >
        Texto
      </h2>
    </div>
    <div
      class=""
    >
      <video
        aria-label="Video"
        autoplay=""
        class="c4"
        loop=""
        src="https://source.unsplash.com/random/1000x1000?r=1"
      />
    </div>
  </div>
</div>
`;
