// Vitest Snapshot v1

exports[`<Footer/> > should render 1`] = `
.c2 {
  max-width: 120rem;
  margin: 0 auto;
  padding: 0;
}

.c4 {
  font-size: 2.4rem;
}

.c0 {
  text-align: center;
  border-top: 0.2rem solid #FFFFFF;
  height: 6rem;
  background: #07090D;
  color: #FFFFFF;
}

.c0 a {
  color: inherit;
  -webkit-text-decoration: none;
  text-decoration: none;
}

.c0 .c3 {
  font-size: 1.6rem;
}

.c0 .c1 {
  padding-top: 0;
  padding-bottom: 0;
  margin-top: 1.5rem;
}

<div>
  <footer
    class="c0"
  >
    <div
      class="c1 c2"
    >
      <div
        class="c3 c4"
      >
        Site fict√≠cio
      </div>
    </div>
  </footer>
</div>
`;
