// Vitest Snapshot v1

exports[`<GridTwoColumns /> > should match to snapshot 1`] = `
.c7 {
  color: #FFFFFF;
  font-size: 3.2rem;
  text-transform: uppercase;
}

.c0 {
  padding: 0;
  background-image: url('/assets/uploads/details.svg');
  background-size: cover;
  background-position: center center;
  color: #07090D;
  min-height: 100vh;
  display: -webkit-box;
  display: -webkit-flex;
  display: -ms-flexbox;
  display: flex;
  -webkit-align-items: center;
  -webkit-box-align: center;
  -ms-flex-align: center;
  align-items: center;
}

.c1 {
  max-width: 120rem;
  margin: 0 auto;
  padding: 0 auto;
}

.c2 {
  display: -webkit-box;
  display: -webkit-flex;
  display: -ms-flexbox;
  display: flex;
  overflow-x: hidden;
  -webkit-align-items: center;
  -webkit-box-align: center;
  -ms-flex-align: center;
  align-items: center;
  width: 100%;
  gap: 3.2rem;
}

.c2 .c6 {
  margin-bottom: 0;
}

.c3 {
  width: 35rem;
  display: -webkit-box;
  display: -webkit-flex;
  display: -ms-flexbox;
  display: flex;
  overflow-x: hidden;
  margin: 0 auto;
  padding-bottom: 0.1rem;
}

.c4 {
  display: -webkit-box;
  display: -webkit-flex;
  display: -ms-flexbox;
  display: flex;
  -webkit-transform: translateX(-0rem);
  -ms-transform: translateX(-0rem);
  transform: translateX(-0rem);
  -webkit-transition: all 400ms ease-in-out;
  transition: all 400ms ease-in-out;
  padding-bottom: 0.1rem;
}

.c5 {
  width: 35rem;
  padding-bottom: 0.1rem;
}

.c8 {
  height: 40rem;
  margin: 0 auto;
  overflow-y: hidden;
}

.c9 {
  -webkit-transform: translateY(-0rem);
  -ms-transform: translateY(-0rem);
  transform: translateY(-0rem);
  -webkit-transition: all 400ms ease-in-out;
  transition: all 400ms ease-in-out;
}

.c10 {
  width: 100%;
  height: 50rem;
}

.c11 {
  width: 45vw;
  height: 50rem;
}

@media (max-width:768px) {
  .c7 {
    font-size: 2.4rem;
  }
}

@media (max-width:414px) {
  .c7 {
    font-size: 1.6rem;
  }
}

@media (max-width:362px) {
  .c7 {
    font-size: 1rem;
  }
}

@media (max-width:768px) {
  .c2 {
    display: block;
    text-align: center;
    -webkit-align-items: center;
    -webkit-box-align: center;
    -ms-flex-align: center;
    align-items: center;
    overflow-x: hidden;
  }
}

@media (max-width:320px) {
  .c2 {
    width: 70%;
  }
}

@media (max-width:320px) {
  .c4 {
    -webkit-transform: translateX(--11rem);
    -ms-transform: translateX(--11rem);
    transform: translateX(--11rem);
    -webkit-transition: all 400ms ease-in-out;
    transition: all 400ms ease-in-out;
  }
}

@media (max-width:320px) {
  .c5 {
    width: 25rem;
  }
}

@media (max-width:320px) {
  .c8 {
    height: 25rem;
  }
}

@media (max-width:768px) {
  .c9 {
    -webkit-transform: translateY(-12rem);
    -ms-transform: translateY(-12rem);
    transform: translateY(-12rem);
    -webkit-transition: all 400ms ease-in-out;
    transition: all 400ms ease-in-out;
  }
}

@media (max-width:768px) {
  .c11 {
    width: 80%;
    height: 50rem;
    -webkit-align-items: center;
    -webkit-box-align: center;
    -ms-flex-align: center;
    align-items: center;
  }
}

@media (max-width:320px) {
  .c11 {
    width: 60%;
    height: 50rem;
    -webkit-align-items: center;
    -webkit-box-align: center;
    -ms-flex-align: center;
    align-items: center;
  }
}

<div>
  <div
    class="c0"
  >
    <div
      class="c1"
    >
      <div
        class="c2"
      >
        <div
          style="opacity: 0; transform: scale(0.8) translateZ(0);"
        >
          <div
            class="c3"
          >
            <div
              class="c4"
            >
              <div
                class="c5"
              >
                <h2
                  class="c6 c7"
                >
                  A melhor plataforma de fotos do mundo
                </h2>
              </div>
              <div
                class="c5"
              >
                <h2
                  class="c6 c7"
                >
                  Coloque suas recordações de maneira simples e fácil
                </h2>
              </div>
              <div
                class="c5"
              >
                <h2
                  class="c6 c7"
                >
                  Crie já sua conta e explore um mundo de opções
                </h2>
              </div>
            </div>
          </div>
        </div>
        <div
          style="opacity: 0; transform: translateX(400px) translateZ(0);"
        >
          <div
            class="c8"
          >
            <div
              class="c9"
            >
              <div
                class="c10"
              >
                <video
                  aria-label="video1"
                  autoplay=""
                  class="c11"
                  loop=""
                  src="/assets/uploads/video1.mp4"
                />
              </div>
              <div
                class="c10"
              >
                <video
                  aria-label="video2"
                  autoplay=""
                  class="c11"
                  loop=""
                  src="/assets/uploads/video2.mp4"
                />
              </div>
              <div
                class="c10"
              >
                <video
                  aria-label="video3"
                  autoplay=""
                  class="c11"
                  loop=""
                  src="/assets/uploads/video3.mp4"
                />
              </div>
            </div>
          </div>
        </div>
      </div>
    </div>
  </div>
</div>
`;
