// Vitest Snapshot v1

exports[`<GridImage/> > should render GridImage with background 1`] = `
.c4 {
  color: #FFFFFF;
  font-size: 3.2rem;
  text-transform: uppercase;
}

.c0 {
  background: #FFFFFF;
  color: #07090D;
  background: #07090D;
  color: #FFFFFF;
  min-height: 100vh;
  display: -webkit-box;
  display: -webkit-flex;
  display: -ms-flexbox;
  display: flex;
  -webkit-align-items: center;
  -webkit-box-align: center;
  -ms-flex-align: center;
  align-items: center;
}

.c1 {
  max-width: 120rem;
  margin: 0 auto;
  padding: 0;
}

.c6 {
  font-size: 2.4rem;
}

.c2 {
  padding: 2rem;
  padding-bottom: 10rem;
}

.c2 > .c5 {
  text-align: center;
  margin-bottom: 6.4rem;
}

.c2 .c3 {
  text-align: center;
}

.c7 {
  display: grid;
  grid-template-columns: repeat(auto-fill,minmax(280px,1fr));
  gap: 3.2rem;
}

.c8 {
  overflow: hidden;
}

.c9 {
  width: 100%;
  -webkit-transition: all 300ms ease-in-out;
  transition: all 300ms ease-in-out;
}

.c9:hover {
  -webkit-transform: scale(1.2);
  -ms-transform: scale(1.2);
  transform: scale(1.2);
}

@media (max-width:768px) {
  .c4 {
    font-size: 2.4rem;
  }
}

@media (max-width:414px) {
  .c4 {
    font-size: 1.6rem;
  }
}

@media (max-width:362px) {
  .c4 {
    font-size: 1.2rem;
  }
}

<div>
  <div
    class="c0"
  >
    <div
      class="c1"
    >
      <div
        class="c2"
      >
        <h2
          class="c3 c4"
        >
          Crie um álbum de fotos de altíssima qualidade
        </h2>
        <div
          class="c5 c6"
        >
          Aqui alguns exemplos
        </div>
        <div
          class="c7"
        >
          <div
            class="c8"
          >
            <img
              alt="img1"
              class="c9"
              src="https://source.unsplash.com/random/1000x1000?r=1"
            />
          </div>
          <div
            class="c8"
          >
            <img
              alt="img1"
              class="c9"
              src="https://source.unsplash.com/random/1000x1000?r=2"
            />
          </div>
          <div
            class="c8"
          >
            <img
              alt="img1"
              class="c9"
              src="https://source.unsplash.com/random/1000x1000?r=3"
            />
          </div>
          <div
            class="c8"
          >
            <img
              alt="img1"
              class="c9"
              src="https://source.unsplash.com/random/1000x1000?r=4"
            />
          </div>
          <div
            class="c8"
          >
            <img
              alt="img1"
              class="c9"
              src="https://source.unsplash.com/random/1000x1000?r=5"
            />
          </div>
          <div
            class="c8"
          >
            <img
              alt="img1"
              class="c9"
              src="https://source.unsplash.com/random/1000x1000?r=6"
            />
          </div>
        </div>
      </div>
    </div>
  </div>
</div>
`;

exports[`<GridImage/> > should render GridImage without background 1`] = `
.c4 {
  color: #FFFFFF;
  font-size: 3.2rem;
  text-transform: uppercase;
}

.c0 {
  background: #FFFFFF;
  color: #07090D;
  background: #07090D;
  color: #FFFFFF;
  min-height: 100vh;
  display: -webkit-box;
  display: -webkit-flex;
  display: -ms-flexbox;
  display: flex;
  -webkit-align-items: center;
  -webkit-box-align: center;
  -ms-flex-align: center;
  align-items: center;
}

.c1 {
  max-width: 120rem;
  margin: 0 auto;
  padding: 0;
}

.c6 {
  font-size: 2.4rem;
}

.c2 {
  padding: 2rem;
  padding-bottom: 10rem;
}

.c2 > .c5 {
  text-align: center;
  margin-bottom: 6.4rem;
}

.c2 .c3 {
  text-align: center;
}

.c7 {
  display: grid;
  grid-template-columns: repeat(auto-fill,minmax(280px,1fr));
  gap: 3.2rem;
}

.c8 {
  overflow: hidden;
}

.c9 {
  width: 100%;
  -webkit-transition: all 300ms ease-in-out;
  transition: all 300ms ease-in-out;
}

.c9:hover {
  -webkit-transform: scale(1.2);
  -ms-transform: scale(1.2);
  transform: scale(1.2);
}

@media (max-width:768px) {
  .c4 {
    font-size: 2.4rem;
  }
}

@media (max-width:414px) {
  .c4 {
    font-size: 1.6rem;
  }
}

@media (max-width:362px) {
  .c4 {
    font-size: 1.2rem;
  }
}

<div>
  <div
    class="c0"
  >
    <div
      class="c1"
    >
      <div
        class="c2"
      >
        <h2
          class="c3 c4"
        >
          Crie um álbum de fotos de altíssima qualidade
        </h2>
        <div
          class="c5 c6"
        >
          Aqui alguns exemplos
        </div>
        <div
          class="c7"
        >
          <div
            class="c8"
          >
            <img
              alt="img1"
              class="c9"
              src="https://source.unsplash.com/random/1000x1000?r=1"
            />
          </div>
          <div
            class="c8"
          >
            <img
              alt="img1"
              class="c9"
              src="https://source.unsplash.com/random/1000x1000?r=2"
            />
          </div>
          <div
            class="c8"
          >
            <img
              alt="img1"
              class="c9"
              src="https://source.unsplash.com/random/1000x1000?r=3"
            />
          </div>
          <div
            class="c8"
          >
            <img
              alt="img1"
              class="c9"
              src="https://source.unsplash.com/random/1000x1000?r=4"
            />
          </div>
          <div
            class="c8"
          >
            <img
              alt="img1"
              class="c9"
              src="https://source.unsplash.com/random/1000x1000?r=5"
            />
          </div>
          <div
            class="c8"
          >
            <img
              alt="img1"
              class="c9"
              src="https://source.unsplash.com/random/1000x1000?r=6"
            />
          </div>
        </div>
      </div>
    </div>
  </div>
</div>
`;
