// Vitest Snapshot v1

exports[`<NavLinksID /> > should match snapshot 1`] = `
.c0 {
  display: -webkit-box;
  display: -webkit-flex;
  display: -ms-flexbox;
  display: flex;
  -webkit-flex-flow: row wrap;
  -ms-flex-flow: row wrap;
  flex-flow: row wrap;
  -webkit-align-items: center;
  -webkit-box-align: center;
  -ms-flex-align: center;
  align-items: center;
  -webkit-box-pack: center;
  -webkit-justify-content: center;
  -ms-flex-pack: center;
  justify-content: center;
}

.c2 {
  width: 6rem;
  border-radius: 5rem;
  padding: 1.6rem;
}

.c3 {
  border-radius: 5rem;
  font-size: 1.2rem;
  color: #FFFFFF;
}

.c1 {
  display: -webkit-box;
  display: -webkit-flex;
  display: -ms-flexbox;
  display: flex;
  -webkit-align-items: center;
  -webkit-box-align: center;
  -ms-flex-align: center;
  align-items: center;
  margin-right: 10rem;
  margin-left: -1rem;
}

.c4 {
  background: transparent;
  border: none;
  cursor: pointer;
}

.c4 > svg {
  width: 2rem;
  height: 2rem;
  color: #FFFFFF;
}

.c5 {
  display: inline-block;
  vertical-align: middle;
  overflow: hidden;
}

@media (max-width:768px) {
  .c0 {
    -webkit-flex-flow: column wrap;
    -ms-flex-flow: column wrap;
    flex-flow: column wrap;
    -webkit-align-content: center;
    -ms-flex-line-pack: center;
    align-content: center;
  }
}

@media (max-width:768px) {
  .c1 {
    display: block;
    margin-right: 0;
    margin-left: 0;
    margin-bottom: 5rem;
  }
}

<nav
  aria-label="Main menu"
  class="c0"
>
  <div
    class="c1"
  >
    <img
      class="c2"
    />
    <div
      class="c3"
    />
  </div>
  <button
    class="c4"
  >
    <svg
      aria-hidden="true"
      class="c5"
      fill="currentColor"
      focusable="false"
      viewBox="0 0 24 24"
      xmlns="http://www.w3.org/2000/svg"
    >
      <path
        d="M0 0h24v24H0V0z"
        fill="none"
      />
      <path
        d="M17 8l-1.41 1.41L17.17 11H9v2h8.17l-1.58 1.58L17 16l4-4-4-4zM5 5h7V3H5c-1.1 0-2 .9-2 2v14c0 1.1.9 2 2 2h7v-2H5V5z"
      />
    </svg>
  </button>
</nav>
`;
