// Vitest Snapshot v1

exports[`<MenuLink /> > should render open in a new tab 1`] = `
.c0 >a {
  display: block;
  -webkit-text-decoration: none;
  text-decoration: none;
  text-align: center;
  font-size: 1.6rem;
  padding: 1.6rem;
  color: #FFFFFF;
  position: relative;
}

.c0 >a::after {
  content: '';
  position: absolute;
  left: 50%;
  bottom: 0.75rem;
  width: 0;
  height: 0.2rem;
  background: #FFFFFF;
  -webkit-transition: all 300ms ease-in-out;
  transition: all 300ms ease-in-out;
}

.c0 >a:hover::after {
  left: 25%;
  width: 50%;
}

<div
  class="c0"
>
  <a
    href="/"
  >
    Children
  </a>
</div>
`;
