// Vitest Snapshot v1

exports[`<FormCadastro /> > should match snapshot 1`] = `
.c9 {
  display: inline-block;
  vertical-align: middle;
  overflow: hidden;
}

.c3 {
  color: #FFFFFF;
  font-size: 3.2rem;
  text-transform: none;
}

.c0 {
  background: #FFFFFF;
  color: #07090D;
  background: #07090D;
  color: #FFFFFF;
  min-height: 100vh;
  display: -webkit-box;
  display: -webkit-flex;
  display: -ms-flexbox;
  display: flex;
  -webkit-align-items: center;
  -webkit-box-align: center;
  -ms-flex-align: center;
  align-items: center;
}

.c1 {
  max-width: 120rem;
  margin: 0 auto;
  padding: 0 auto;
}

.c2 {
  text-align: center;
  width: 35vw;
}

.c4 {
  width: 100%;
  margin-bottom: 3.2rem;
}

.c5 {
  position: relative;
}

.c5 > svg {
  position: absolute;
  top: 50%;
  -webkit-transform: translate(0,-50%);
  -ms-transform: translate(0,-50%);
  transform: translate(0,-50%);
  right: 1rem;
  width: 2.5rem;
  height: 2.5rem;
  color: rgb(141,141,144);
  z-index: 1;
}

.c5 *:focus ~ svg {
  color: rgb(43,38,178);
}

.c5 *:disabled ~ svg {
  color: rgb(201,201,203);
}

.c6 {
  border: 1px solid rgb(201,201,203);
  width: 100%;
  height: 100%;
  font-size: 1.8rem;
  -webkit-transition: all 300ms ease-in-out;
  transition: all 300ms ease-in-out;
  padding: 1.6rem 1.2rem;
  background: #FFFFFF;
  padding-right: 3.7rem;
  border-radius: 0.4rem;
  outline: none;
}

.c6::-webkit-input-placeholder {
  visibility: hidden;
  opacity: 0;
}

.c6::-moz-placeholder {
  visibility: hidden;
  opacity: 0;
}

.c6:-ms-input-placeholder {
  visibility: hidden;
  opacity: 0;
}

.c6::placeholder {
  visibility: hidden;
  opacity: 0;
}

.c6:focus {
  border: 0.1rem solid rgb(43,38,178);
  box-shadow: 0 0 0.2rem 0 rgb(43,38,178);
  background: #FFFFFF;
}

.c6:focus + .c7,
.c6:not(:placeholder-shown) + .c7,
.c6:-webkit-autofill + .c7 {
  top: 0;
  -webkit-transform: translate(0,-50%);
  -ms-transform: translate(0,-50%);
  transform: translate(0,-50%);
  font-size: 1.2rem;
  color: #FFFFFF;
  background: rgb(43,38,178);
  -webkit-filter: none;
  filter: none;
}

.c8 {
  display: inline;
  position: absolute;
  top: 50%;
  -webkit-transform: translate(0,-50%);
  -ms-transform: translate(0,-50%);
  transform: translate(0,-50%);
  left: 1.2rem;
  font-size: 1.6rem;
  height: 1.6rem;
  -webkit-transition: all 300ms ease-in-out;
  transition: all 300ms ease-in-out;
  background: #FFFFFF;
  padding: 0.5rem 1rem;
  display: -webkit-box;
  display: -webkit-flex;
  display: -ms-flexbox;
  display: flex;
  -webkit-align-items: center;
  -webkit-box-align: center;
  -ms-flex-align: center;
  align-items: center;
  line-height: 1;
  z-index: 1;
  color: rgb(141,141,144);
  border-radius: 0.4rem;
}

.c10 {
  background: rgb(43,38,178);
  border: none;
  color: #FFFFFF;
  font-size: 1.6rem;
  padding: 1.6rem 2.4rem;
  cursor: pointer;
  border-radius: 1rem;
  -webkit-transition: all 300ms ease-in-out;
  transition: all 300ms ease-in-out;
  display: -webkit-box;
  display: -webkit-flex;
  display: -ms-flexbox;
  display: flex;
  margin: 0 auto;
}

.c10:focus {
  outline: none;
  box-shadow: 0 0 1.6rem rgb(43,38,178);
  -webkit-filter: brightness(110%);
  filter: brightness(110%);
}

.c10:hover {
  -webkit-filter: brightness(90%);
  filter: brightness(90%);
}

.c10 > svg {
  width: 2rem;
  height: 2rem;
  margin-left: 1rem;
}

@media (max-width:768px) {
  .c3 {
    font-size: 2.4rem;
  }
}

@media (max-width:414px) {
  .c3 {
    font-size: 1.6rem;
  }
}

@media (max-width:362px) {
  .c3 {
    font-size: 1rem;
  }
}

<div>
  <div
    class="c0"
  >
    <div
      class="c1"
    >
      <div
        aria-label="container"
        class="c2"
      >
        <h1
          class="c3"
        >
          Cadastro
        </h1>
        <form
          aria-label="form"
          class=""
        >
          <div
            class="c4"
          >
            <div
              class="c5"
            >
              <input
                class="c6"
                id="username"
                name="username"
                placeholder="username"
                type="username"
              />
              <label
                class="c7 c8"
                for="username"
              >
                Username
              </label>
              <svg
                aria-hidden="true"
                aria-label="usersvg"
                class="c9"
                fill="currentColor"
                focusable="false"
                viewBox="0 0 16 16"
                xmlns="http://www.w3.org/2000/svg"
              >
                <path
                  d="M9 11.041v-.825c1.102-.621 2-2.168 2-3.716C11 4.015 11 2 8 2S5 4.015 5 6.5c0 1.548.898 3.095 2 3.716v.825c-3.392.277-6 1.944-6 3.959h14c0-2.015-2.608-3.682-6-3.959z"
                />
              </svg>
            </div>
          </div>
          <div
            class="c4"
          >
            <div
              class="c5"
            >
              <input
                class="c6"
                id="email"
                name="email"
                placeholder="email"
                type="email"
              />
              <label
                class="c7 c8"
                for="email"
              >
                Email
              </label>
              <svg
                aria-hidden="true"
                aria-label="emailsvg"
                class="c9"
                fill="currentColor"
                focusable="false"
                viewBox="0 0 24 24"
                xmlns="http://www.w3.org/2000/svg"
              >
                <path
                  d="M0 0h24v24H0V0z"
                  fill="none"
                />
                <path
                  d="M22 6c0-1.1-.9-2-2-2H4c-1.1 0-2 .9-2 2v12c0 1.1.9 2 2 2h16c1.1 0 2-.9 2-2V6zm-2 0l-8 5-8-5h16zm0 12H4V8l8 5 8-5v10z"
                />
              </svg>
            </div>
          </div>
          <div
            class="c4"
          >
            <div
              class="c5"
            >
              <input
                class="c6"
                id="password"
                name="password"
                placeholder="password"
                type="password"
              />
              <label
                class="c7 c8"
                for="password"
              >
                Password
              </label>
              <svg
                aria-hidden="true"
                aria-label="passwordsvg"
                class="c9"
                fill="currentColor"
                focusable="false"
                viewBox="0 0 24 24"
                xmlns="http://www.w3.org/2000/svg"
              >
                <path
                  d="M0 0h24v24H0V0z"
                  fill="none"
                />
                <path
                  d="M2 17h20v2H2v-2zm1.15-4.05L4 11.47l.85 1.48 1.3-.75-.85-1.48H7v-1.5H5.3l.85-1.47L4.85 7 4 8.47 3.15 7l-1.3.75.85 1.47H1v1.5h1.7l-.85 1.48 1.3.75zm6.7-.75l1.3.75.85-1.48.85 1.48 1.3-.75-.85-1.48H15v-1.5h-1.7l.85-1.47-1.3-.75L12 8.47 11.15 7l-1.3.75.85 1.47H9v1.5h1.7l-.85 1.48zM23 9.22h-1.7l.85-1.47-1.3-.75L20 8.47 19.15 7l-1.3.75.85 1.47H17v1.5h1.7l-.85 1.48 1.3.75.85-1.48.85 1.48 1.3-.75-.85-1.48H23v-1.5z"
                />
              </svg>
            </div>
          </div>
          <div
            class=""
          >
            <button
              class="c10"
              type="submit"
            >
              Enviar
            </button>
          </div>
        </form>
      </div>
    </div>
  </div>
</div>
`;
